case_complete seed=202609070000
case_complete seed=202609070001
case_complete seed=202609070002
case_complete seed=202609070003
case_complete seed=202609070100
case_complete seed=202609070101
case_complete seed=202609070102
case_complete seed=202609070103
case_complete seed=202609070200
case_complete seed=202609070201
case_complete seed=202609070202
case_complete seed=202609070203
case_complete seed=202609070300
case_complete seed=202609070301
case_complete seed=202609070302
case_complete seed=202609070303
case_complete seed=202609070400
case_complete seed=202609070401
case_complete seed=202609070402
case_complete seed=202609070403
case_complete seed=202609070500
case_complete seed=202609070501
case_complete seed=202609070502
case_complete seed=202609070503
baseline_complete cases=24
attribution_complete roots=24 responses=72
{"experiment": "ATTR-W1-HORIZON-PRICING-PREVALENCE-331", "wtl": {"win": 7, "tie": 17}, "response_wtl": {"win": 16, "tie": 56}, "qualifying_roots": 7, "qualifying_families": ["three-balanced", "three-fuel", "three-terminal"], "gate_passed": true, "zero_failure": true}
summary_sha256=66C50E076C00109BABD5E42A122EDD8804F1102C763F2FC36710F023982307BB
