pair_complete count=1
pair_complete count=2
pair_complete count=3
pair_complete count=4
pair_complete count=5
pair_complete count=6
pair_complete count=7
side_complete pair=8 side=candidate
side_complete pair=8 side=parent
pair_complete count=8
side_complete pair=9 side=parent
side_complete pair=9 side=candidate
pair_complete count=9
side_complete pair=10 side=candidate
side_complete pair=10 side=parent
pair_complete count=10
side_complete pair=11 side=parent
side_complete pair=11 side=candidate
pair_complete count=11
side_complete pair=12 side=candidate
side_complete pair=12 side=parent
pair_complete count=12
side_complete pair=13 side=parent
side_complete pair=13 side=candidate
pair_complete count=13
side_complete pair=14 side=candidate
side_complete pair=14 side=parent
pair_complete count=14
side_complete pair=15 side=parent
side_complete pair=15 side=candidate
pair_complete count=15
side_complete pair=16 side=candidate
side_complete pair=16 side=parent
pair_complete count=16
side_complete pair=17 side=parent
side_complete pair=17 side=candidate
pair_complete count=17
side_complete pair=18 side=candidate
side_complete pair=18 side=parent
pair_complete count=18
side_complete pair=19 side=parent
side_complete pair=19 side=candidate
pair_complete count=19
side_complete pair=20 side=candidate
side_complete pair=20 side=parent
pair_complete count=20
side_complete pair=21 side=parent
side_complete pair=21 side=candidate
pair_complete count=21
side_complete pair=22 side=candidate
side_complete pair=22 side=parent
pair_complete count=22
side_complete pair=23 side=parent
side_complete pair=23 side=candidate
pair_complete count=23
side_complete pair=24 side=candidate
side_complete pair=24 side=parent
pair_complete count=24
side_complete pair=25 side=parent
side_complete pair=25 side=candidate
pair_complete count=25
side_complete pair=26 side=candidate
side_complete pair=26 side=parent
pair_complete count=26
side_complete pair=27 side=parent
side_complete pair=27 side=candidate
pair_complete count=27
side_complete pair=28 side=candidate
side_complete pair=28 side=parent
pair_complete count=28
side_complete pair=29 side=parent
side_complete pair=29 side=candidate
pair_complete count=29
side_complete pair=30 side=candidate
side_complete pair=30 side=parent
pair_complete count=30
side_complete pair=31 side=parent
side_complete pair=31 side=candidate
pair_complete count=31
side_complete pair=32 side=candidate
side_complete pair=32 side=parent
pair_complete count=32
side_complete pair=33 side=parent
side_complete pair=33 side=candidate
pair_complete count=33
side_complete pair=34 side=candidate
side_complete pair=34 side=parent
pair_complete count=34
side_complete pair=35 side=parent
side_complete pair=35 side=candidate
pair_complete count=35
side_complete pair=36 side=candidate
side_complete pair=36 side=parent
pair_complete count=36
side_complete pair=37 side=parent
side_complete pair=37 side=candidate
pair_complete count=37
side_complete pair=38 side=candidate
side_complete pair=38 side=parent
pair_complete count=38
side_complete pair=39 side=parent
side_complete pair=39 side=candidate
pair_complete count=39
side_complete pair=40 side=candidate
side_complete pair=40 side=parent
pair_complete count=40
side_complete pair=41 side=parent
side_complete pair=41 side=candidate
pair_complete count=41
side_complete pair=42 side=candidate
side_complete pair=42 side=parent
pair_complete count=42
side_complete pair=43 side=parent
side_complete pair=43 side=candidate
pair_complete count=43
side_complete pair=44 side=candidate
side_complete pair=44 side=parent
pair_complete count=44
side_complete pair=45 side=parent
side_complete pair=45 side=candidate
pair_complete count=45
side_complete pair=46 side=candidate
side_complete pair=46 side=parent
pair_complete count=46
side_complete pair=47 side=parent
side_complete pair=47 side=candidate
pair_complete count=47
side_complete pair=48 side=candidate
side_complete pair=48 side=parent
pair_complete count=48
side_complete pair=49 side=parent
side_complete pair=49 side=candidate
pair_complete count=49
side_complete pair=50 side=candidate
side_complete pair=50 side=parent
pair_complete count=50
side_complete pair=51 side=parent
side_complete pair=51 side=candidate
pair_complete count=51
side_complete pair=52 side=candidate
side_complete pair=52 side=parent
pair_complete count=52
side_complete pair=53 side=parent
side_complete pair=53 side=candidate
pair_complete count=53
side_complete pair=54 side=candidate
side_complete pair=54 side=parent
pair_complete count=54
side_complete pair=55 side=parent
side_complete pair=55 side=candidate
pair_complete count=55
side_complete pair=56 side=candidate
side_complete pair=56 side=parent
pair_complete count=56
side_complete pair=57 side=parent
side_complete pair=57 side=candidate
pair_complete count=57
side_complete pair=58 side=candidate
side_complete pair=58 side=parent
pair_complete count=58
side_complete pair=59 side=parent
side_complete pair=59 side=candidate
pair_complete count=59
side_complete pair=60 side=candidate
side_complete pair=60 side=parent
pair_complete count=60
side_complete pair=61 side=parent
side_complete pair=61 side=candidate
pair_complete count=61
side_complete pair=62 side=candidate
side_complete pair=62 side=parent
pair_complete count=62
side_complete pair=63 side=parent
side_complete pair=63 side=candidate
pair_complete count=63
side_complete pair=64 side=candidate
side_complete pair=64 side=parent
pair_complete count=64
side_complete pair=65 side=parent
side_complete pair=65 side=candidate
pair_complete count=65
side_complete pair=66 side=candidate
side_complete pair=66 side=parent
pair_complete count=66
side_complete pair=67 side=parent
side_complete pair=67 side=candidate
pair_complete count=67
side_complete pair=68 side=candidate
side_complete pair=68 side=parent
pair_complete count=68
side_complete pair=69 side=parent
side_complete pair=69 side=candidate
pair_complete count=69
side_complete pair=70 side=candidate
side_complete pair=70 side=parent
pair_complete count=70
side_complete pair=71 side=parent
side_complete pair=71 side=candidate
pair_complete count=71
side_complete pair=72 side=candidate
side_complete pair=72 side=parent
pair_complete count=72
side_complete pair=73 side=parent
side_complete pair=73 side=candidate
pair_complete count=73
side_complete pair=74 side=candidate
side_complete pair=74 side=parent
pair_complete count=74
side_complete pair=75 side=parent
side_complete pair=75 side=candidate
pair_complete count=75
side_complete pair=76 side=candidate
side_complete pair=76 side=parent
pair_complete count=76
side_complete pair=77 side=parent
side_complete pair=77 side=candidate
pair_complete count=77
side_complete pair=78 side=candidate
side_complete pair=78 side=parent
pair_complete count=78
side_complete pair=79 side=parent
side_complete pair=79 side=candidate
pair_complete count=79
side_complete pair=80 side=candidate
side_complete pair=80 side=parent
pair_complete count=80
side_complete pair=81 side=parent
side_complete pair=81 side=candidate
pair_complete count=81
side_complete pair=82 side=candidate
side_complete pair=82 side=parent
pair_complete count=82
side_complete pair=83 side=parent
side_complete pair=83 side=candidate
pair_complete count=83
side_complete pair=84 side=candidate
side_complete pair=84 side=parent
pair_complete count=84
side_complete pair=85 side=parent
side_complete pair=85 side=candidate
pair_complete count=85
side_complete pair=86 side=candidate
side_complete pair=86 side=parent
pair_complete count=86
side_complete pair=87 side=parent
side_complete pair=87 side=candidate
pair_complete count=87
side_complete pair=88 side=candidate
side_complete pair=88 side=parent
pair_complete count=88
side_complete pair=89 side=parent
side_complete pair=89 side=candidate
pair_complete count=89
side_complete pair=90 side=candidate
side_complete pair=90 side=parent
pair_complete count=90
side_complete pair=91 side=parent
side_complete pair=91 side=candidate
pair_complete count=91
side_complete pair=92 side=candidate
side_complete pair=92 side=parent
pair_complete count=92
side_complete pair=93 side=parent
side_complete pair=93 side=candidate
pair_complete count=93
side_complete pair=94 side=candidate
side_complete pair=94 side=parent
pair_complete count=94
side_complete pair=95 side=parent
side_complete pair=95 side=candidate
pair_complete count=95
side_complete pair=96 side=candidate
side_complete pair=96 side=parent
pair_complete count=96
side_complete pair=97 side=parent
side_complete pair=97 side=candidate
pair_complete count=97
side_complete pair=98 side=candidate
side_complete pair=98 side=parent
pair_complete count=98
side_complete pair=99 side=parent
side_complete pair=99 side=candidate
pair_complete count=99
side_complete pair=100 side=candidate
side_complete pair=100 side=parent
pair_complete count=100
side_complete pair=101 side=parent
side_complete pair=101 side=candidate
pair_complete count=101
side_complete pair=102 side=candidate
side_complete pair=102 side=parent
pair_complete count=102
side_complete pair=103 side=parent
side_complete pair=103 side=candidate
pair_complete count=103
side_complete pair=104 side=candidate
side_complete pair=104 side=parent
pair_complete count=104
side_complete pair=105 side=parent
side_complete pair=105 side=candidate
pair_complete count=105
side_complete pair=106 side=candidate
side_complete pair=106 side=parent
pair_complete count=106
side_complete pair=107 side=parent
side_complete pair=107 side=candidate
pair_complete count=107
side_complete pair=108 side=candidate
side_complete pair=108 side=parent
pair_complete count=108
run_complete pairs=108 results=216
{'pairs': 108, 'wtl': {'win': 15, 'tie': 84, 'loss': 9}, 'delta': [0, 14, 230], 'protected_gate': {'checks': {'no_lifetime_or_daily_loss': False, 'bounded_serving_loss': False, 'no_negative_family_or_fuel_net': False, 'no_inactive_score_difference': False, 'inactive_exact_plan_state_ledger_roles': False, 'zero_operational_failure': True}, 'passed': False, 'family_fuel_net': {'family': {'threshold-corridor': 12, 'rare-brand': 58, 'high-stock': -3, 'balanced': 48, 'overnight': 97, 'fuel-tight': 18}, 'fuel': {'default': 107, 'high': 26, 'low': 97}}, 'promotion_authorized': False, 'remaining': 'Integration equivalence, relevant lane champions and genuine BTC target-host gates.'}}
summary_sha256=04A4D611EAE4D99908B9671F00E967228C4C12DFC90C3C4997E58808CEF8F80B
