side_complete fixture=1 label=parentA elapsed_seconds=20.917
side_complete fixture=1 label=candidateA elapsed_seconds=21.174
side_complete fixture=1 label=candidateB elapsed_seconds=21.126
side_complete fixture=1 label=parentB elapsed_seconds=21.303
fixture_complete count=1
side_complete fixture=2 label=candidateA elapsed_seconds=21.110
side_complete fixture=2 label=candidateB elapsed_seconds=21.164
side_complete fixture=2 label=parentB elapsed_seconds=21.017
side_complete fixture=2 label=parentA elapsed_seconds=21.002
fixture_complete count=2
side_complete fixture=3 label=candidateB elapsed_seconds=21.080
side_complete fixture=3 label=parentB elapsed_seconds=20.941
side_complete fixture=3 label=parentA elapsed_seconds=21.133
side_complete fixture=3 label=candidateA elapsed_seconds=20.796
fixture_complete count=3
side_complete fixture=4 label=parentB elapsed_seconds=20.721
side_complete fixture=4 label=parentA elapsed_seconds=20.838
side_complete fixture=4 label=candidateA elapsed_seconds=21.300
side_complete fixture=4 label=candidateB elapsed_seconds=21.231
fixture_complete count=4
side_complete fixture=5 label=parentA elapsed_seconds=20.755
side_complete fixture=5 label=candidateA elapsed_seconds=21.211
side_complete fixture=5 label=candidateB elapsed_seconds=20.834
side_complete fixture=5 label=parentB elapsed_seconds=21.187
fixture_complete count=5
side_complete fixture=6 label=candidateA elapsed_seconds=21.117
side_complete fixture=6 label=candidateB elapsed_seconds=21.079
side_complete fixture=6 label=parentB elapsed_seconds=20.931
side_complete fixture=6 label=parentA elapsed_seconds=21.000
fixture_complete count=6
side_complete fixture=7 label=candidateB elapsed_seconds=21.272
side_complete fixture=7 label=parentB elapsed_seconds=20.778
side_complete fixture=7 label=parentA elapsed_seconds=21.128
side_complete fixture=7 label=candidateA elapsed_seconds=21.133
fixture_complete count=7
side_complete fixture=8 label=parentB elapsed_seconds=21.041
side_complete fixture=8 label=parentA elapsed_seconds=20.955
side_complete fixture=8 label=candidateA elapsed_seconds=20.861
side_complete fixture=8 label=candidateB elapsed_seconds=20.845
fixture_complete count=8
side_complete fixture=9 label=parentA elapsed_seconds=21.053
side_complete fixture=9 label=candidateA elapsed_seconds=21.066
side_complete fixture=9 label=candidateB elapsed_seconds=21.129
side_complete fixture=9 label=parentB elapsed_seconds=21.226
fixture_complete count=9
side_complete fixture=10 label=candidateA elapsed_seconds=21.139
side_complete fixture=10 label=candidateB elapsed_seconds=21.062
side_complete fixture=10 label=parentB elapsed_seconds=21.228
side_complete fixture=10 label=parentA elapsed_seconds=20.957
fixture_complete count=10
side_complete fixture=11 label=candidateB elapsed_seconds=21.194
side_complete fixture=11 label=parentB elapsed_seconds=21.282
side_complete fixture=11 label=parentA elapsed_seconds=21.033
side_complete fixture=11 label=candidateA elapsed_seconds=21.171
fixture_complete count=11
side_complete fixture=12 label=parentB elapsed_seconds=20.977
side_complete fixture=12 label=parentA elapsed_seconds=21.252
side_complete fixture=12 label=candidateA elapsed_seconds=21.174
side_complete fixture=12 label=candidateB elapsed_seconds=21.129
fixture_complete count=12
side_complete fixture=13 label=parentA elapsed_seconds=21.214
side_complete fixture=13 label=candidateA elapsed_seconds=21.357
side_complete fixture=13 label=candidateB elapsed_seconds=21.336
side_complete fixture=13 label=parentB elapsed_seconds=21.099
fixture_complete count=13
side_complete fixture=14 label=candidateA elapsed_seconds=21.112
side_complete fixture=14 label=candidateB elapsed_seconds=21.182
side_complete fixture=14 label=parentB elapsed_seconds=21.130
side_complete fixture=14 label=parentA elapsed_seconds=20.900
fixture_complete count=14
side_complete fixture=15 label=candidateB elapsed_seconds=21.138
side_complete fixture=15 label=parentB elapsed_seconds=21.093
side_complete fixture=15 label=parentA elapsed_seconds=20.889
side_complete fixture=15 label=candidateA elapsed_seconds=21.118
fixture_complete count=15
side_complete fixture=16 label=parentB elapsed_seconds=21.162
side_complete fixture=16 label=parentA elapsed_seconds=21.184
side_complete fixture=16 label=candidateA elapsed_seconds=21.126
side_complete fixture=16 label=candidateB elapsed_seconds=21.121
fixture_complete count=16
side_complete fixture=17 label=parentA elapsed_seconds=20.924
side_complete fixture=17 label=candidateA elapsed_seconds=21.093
side_complete fixture=17 label=candidateB elapsed_seconds=21.074
side_complete fixture=17 label=parentB elapsed_seconds=20.902
fixture_complete count=17
side_complete fixture=18 label=candidateA elapsed_seconds=20.902
side_complete fixture=18 label=candidateB elapsed_seconds=20.847
side_complete fixture=18 label=parentB elapsed_seconds=20.878
side_complete fixture=18 label=parentA elapsed_seconds=20.785
fixture_complete count=18
side_complete fixture=19 label=candidateB elapsed_seconds=21.365
side_complete fixture=19 label=parentB elapsed_seconds=20.975
side_complete fixture=19 label=parentA elapsed_seconds=21.006
side_complete fixture=19 label=candidateA elapsed_seconds=20.704
fixture_complete count=19
side_complete fixture=20 label=parentB elapsed_seconds=21.021
side_complete fixture=20 label=parentA elapsed_seconds=20.981
side_complete fixture=20 label=candidateA elapsed_seconds=21.046
side_complete fixture=20 label=candidateB elapsed_seconds=21.105
fixture_complete count=20
side_complete fixture=21 label=parentA elapsed_seconds=21.129
side_complete fixture=21 label=candidateA elapsed_seconds=21.139
side_complete fixture=21 label=candidateB elapsed_seconds=21.037
side_complete fixture=21 label=parentB elapsed_seconds=21.108
fixture_complete count=21
side_complete fixture=22 label=candidateA elapsed_seconds=20.907
side_complete fixture=22 label=candidateB elapsed_seconds=21.098
side_complete fixture=22 label=parentB elapsed_seconds=21.047
side_complete fixture=22 label=parentA elapsed_seconds=21.008
fixture_complete count=22
side_complete fixture=23 label=candidateB elapsed_seconds=21.105
side_complete fixture=23 label=parentB elapsed_seconds=21.009
side_complete fixture=23 label=parentA elapsed_seconds=21.254
side_complete fixture=23 label=candidateA elapsed_seconds=21.189
fixture_complete count=23
side_complete fixture=24 label=parentB elapsed_seconds=20.881
side_complete fixture=24 label=parentA elapsed_seconds=21.020
side_complete fixture=24 label=candidateA elapsed_seconds=21.121
side_complete fixture=24 label=candidateB elapsed_seconds=21.287
fixture_complete count=24
run_complete phase=development results=96
{'phase': 'development', 'summary': {'pairs': 48, 'wtl': {'win': 22, 'tie': 26, 'loss': 0}, 'tier_delta': [0, 0, 28], 'first_tiers': {'3': 22, '0': 26}, 'servings_gain': 28, 'servings_loss': 0, 'worst_servings_loss': 0}, 'gate': {'passed': True, 'checks': {'A': True, 'B': True, 'repeatable_causal_breadth': True}, 'repeatable_causal_wins': [20260908400000, 20260908400001, 20260908400002, 20260908400003, 20260908350000, 20260908350001, 20260908350002, 20260908350003, 20260908360000, 20260908360001, 20260908360003]}, 'summary_sha256': '0A42A53907E5971D9C0A41F970430519612A04679D6776677F5E75B74F981C8C'}
