pair_complete count=1
pair_complete count=2
pair_complete count=3
pair_complete count=4
pair_complete count=5
pair_complete count=6
pair_complete count=7
pair_complete count=8
pair_complete count=9
pair_complete count=10
pair_complete count=11
pair_complete count=12
pair_complete count=13
pair_complete count=14
pair_complete count=15
pair_complete count=16
pair_complete count=17
side_complete pair=18 side=candidate
side_complete pair=18 side=parent
pair_complete count=18
side_complete pair=19 side=parent
side_complete pair=19 side=candidate
pair_complete count=19
side_complete pair=20 side=candidate
side_complete pair=20 side=parent
pair_complete count=20
side_complete pair=21 side=candidate
side_complete pair=21 side=parent
pair_complete count=21
side_complete pair=22 side=parent
side_complete pair=22 side=candidate
pair_complete count=22
side_complete pair=23 side=candidate
side_complete pair=23 side=parent
pair_complete count=23
side_complete pair=24 side=parent
side_complete pair=24 side=candidate
pair_complete count=24
run_complete pairs=24 results=48
{"complete": true, "pairs": 24, "wtl": {"tie": 22, "win": 2}, "tier_delta": [0, 0, 2], "gate_passed": false, "inactive_differences": []}
summary_sha256=54B87EE30BCDE3AE1D93E6E705BCC6A706862376FC30D7783EE181F192C50B17
