side_complete fixture=1 label=parentA elapsed_seconds=20.986
side_complete fixture=1 label=candidateA elapsed_seconds=21.153
side_complete fixture=1 label=candidateB elapsed_seconds=21.117
side_complete fixture=1 label=parentB elapsed_seconds=21.147
fixture_complete count=1
side_complete fixture=2 label=candidateA elapsed_seconds=21.249
side_complete fixture=2 label=candidateB elapsed_seconds=21.169
side_complete fixture=2 label=parentB elapsed_seconds=21.020
side_complete fixture=2 label=parentA elapsed_seconds=20.824
fixture_complete count=2
side_complete fixture=3 label=candidateB elapsed_seconds=21.324
side_complete fixture=3 label=parentB elapsed_seconds=21.092
side_complete fixture=3 label=parentA elapsed_seconds=20.980
side_complete fixture=3 label=candidateA elapsed_seconds=21.081
fixture_complete count=3
side_complete fixture=4 label=parentB elapsed_seconds=20.932
side_complete fixture=4 label=parentA elapsed_seconds=20.754
side_complete fixture=4 label=candidateA elapsed_seconds=21.197
side_complete fixture=4 label=candidateB elapsed_seconds=21.027
fixture_complete count=4
side_complete fixture=5 label=parentA elapsed_seconds=21.003
side_complete fixture=5 label=candidateA elapsed_seconds=21.153
side_complete fixture=5 label=candidateB elapsed_seconds=20.906
side_complete fixture=5 label=parentB elapsed_seconds=20.783
fixture_complete count=5
side_complete fixture=6 label=candidateA elapsed_seconds=21.146
side_complete fixture=6 label=candidateB elapsed_seconds=21.086
side_complete fixture=6 label=parentB elapsed_seconds=20.770
side_complete fixture=6 label=parentA elapsed_seconds=21.046
fixture_complete count=6
side_complete fixture=7 label=candidateB elapsed_seconds=20.894
side_complete fixture=7 label=parentB elapsed_seconds=20.853
side_complete fixture=7 label=parentA elapsed_seconds=20.964
side_complete fixture=7 label=candidateA elapsed_seconds=21.025
fixture_complete count=7
side_complete fixture=8 label=parentB elapsed_seconds=21.097
side_complete fixture=8 label=parentA elapsed_seconds=21.097
side_complete fixture=8 label=candidateA elapsed_seconds=21.086
side_complete fixture=8 label=candidateB elapsed_seconds=20.961
fixture_complete count=8
side_complete fixture=9 label=parentA elapsed_seconds=21.152
side_complete fixture=9 label=candidateA elapsed_seconds=20.877
side_complete fixture=9 label=candidateB elapsed_seconds=21.326
side_complete fixture=9 label=parentB elapsed_seconds=21.198
fixture_complete count=9
side_complete fixture=10 label=candidateA elapsed_seconds=21.147
side_complete fixture=10 label=candidateB elapsed_seconds=21.122
side_complete fixture=10 label=parentB elapsed_seconds=21.020
side_complete fixture=10 label=parentA elapsed_seconds=21.002
fixture_complete count=10
side_complete fixture=11 label=candidateB elapsed_seconds=20.979
side_complete fixture=11 label=parentB elapsed_seconds=21.290
side_complete fixture=11 label=parentA elapsed_seconds=21.291
side_complete fixture=11 label=candidateA elapsed_seconds=20.961
fixture_complete count=11
side_complete fixture=12 label=parentB elapsed_seconds=21.038
side_complete fixture=12 label=parentA elapsed_seconds=21.278
side_complete fixture=12 label=candidateA elapsed_seconds=20.770
side_complete fixture=12 label=candidateB elapsed_seconds=21.130
fixture_complete count=12
side_complete fixture=13 label=parentA elapsed_seconds=21.128
side_complete fixture=13 label=candidateA elapsed_seconds=21.042
side_complete fixture=13 label=candidateB elapsed_seconds=21.091
side_complete fixture=13 label=parentB elapsed_seconds=21.104
fixture_complete count=13
side_complete fixture=14 label=candidateA elapsed_seconds=20.987
side_complete fixture=14 label=candidateB elapsed_seconds=21.176
side_complete fixture=14 label=parentB elapsed_seconds=21.315
side_complete fixture=14 label=parentA elapsed_seconds=21.173
fixture_complete count=14
side_complete fixture=15 label=candidateB elapsed_seconds=20.980
side_complete fixture=15 label=parentB elapsed_seconds=21.193
side_complete fixture=15 label=parentA elapsed_seconds=21.218
side_complete fixture=15 label=candidateA elapsed_seconds=21.098
fixture_complete count=15
side_complete fixture=16 label=parentB elapsed_seconds=21.076
side_complete fixture=16 label=parentA elapsed_seconds=21.046
side_complete fixture=16 label=candidateA elapsed_seconds=20.990
side_complete fixture=16 label=candidateB elapsed_seconds=20.964
fixture_complete count=16
side_complete fixture=17 label=parentA elapsed_seconds=21.203
side_complete fixture=17 label=candidateA elapsed_seconds=21.242
side_complete fixture=17 label=candidateB elapsed_seconds=21.083
side_complete fixture=17 label=parentB elapsed_seconds=20.934
fixture_complete count=17
side_complete fixture=18 label=candidateA elapsed_seconds=20.816
side_complete fixture=18 label=candidateB elapsed_seconds=21.081
side_complete fixture=18 label=parentB elapsed_seconds=20.915
side_complete fixture=18 label=parentA elapsed_seconds=20.984
fixture_complete count=18
side_complete fixture=19 label=candidateB elapsed_seconds=20.858
side_complete fixture=19 label=parentB elapsed_seconds=20.945
side_complete fixture=19 label=parentA elapsed_seconds=20.981
side_complete fixture=19 label=candidateA elapsed_seconds=20.963
fixture_complete count=19
side_complete fixture=20 label=parentB elapsed_seconds=20.823
side_complete fixture=20 label=parentA elapsed_seconds=20.820
side_complete fixture=20 label=candidateA elapsed_seconds=21.155
side_complete fixture=20 label=candidateB elapsed_seconds=21.154
fixture_complete count=20
side_complete fixture=21 label=parentA elapsed_seconds=20.913
side_complete fixture=21 label=candidateA elapsed_seconds=20.886
side_complete fixture=21 label=candidateB elapsed_seconds=20.899
side_complete fixture=21 label=parentB elapsed_seconds=21.002
fixture_complete count=21
side_complete fixture=22 label=candidateA elapsed_seconds=21.075
side_complete fixture=22 label=candidateB elapsed_seconds=21.228
side_complete fixture=22 label=parentB elapsed_seconds=21.011
side_complete fixture=22 label=parentA elapsed_seconds=21.062
fixture_complete count=22
side_complete fixture=23 label=candidateB elapsed_seconds=20.890
side_complete fixture=23 label=parentB elapsed_seconds=21.211
side_complete fixture=23 label=parentA elapsed_seconds=21.023
side_complete fixture=23 label=candidateA elapsed_seconds=20.969
fixture_complete count=23
side_complete fixture=24 label=parentB elapsed_seconds=20.821
side_complete fixture=24 label=parentA elapsed_seconds=20.842
side_complete fixture=24 label=candidateA elapsed_seconds=20.863
side_complete fixture=24 label=candidateB elapsed_seconds=21.114
fixture_complete count=24
run_complete phase=development results=96
{'phase': 'development', 'summary': {'pairs': 48, 'wtl': {'win': 22, 'tie': 26, 'loss': 0}, 'tier_delta': [0, 0, 28], 'first_tiers': {'3': 22, '0': 26}, 'servings_gain': 28, 'servings_loss': 0, 'worst_servings_loss': 0}, 'gate': {'passed': True, 'checks': {'A': True, 'B': True, 'repeatable_causal_breadth': True}, 'repeatable_causal_wins': [20260908357000, 20260908357002, 20260908357003, 20260908397000, 20260908397001, 20260908397002, 20260908397003, 20260908347000, 20260908347001, 20260908347002, 20260908347003]}, 'summary_sha256': '908FD2EB391F7363929C984D8E051283EF6572CF182E0B660E4E08CAC76486E2'}
