side_complete fixture=1 label=parentA elapsed_seconds=21.395
side_complete fixture=1 label=candidateA elapsed_seconds=21.462
side_complete fixture=1 label=candidateB elapsed_seconds=21.426
side_complete fixture=1 label=parentB elapsed_seconds=21.313
fixture_complete count=1
side_complete fixture=2 label=candidateA elapsed_seconds=52.706
side_complete fixture=2 label=candidateB elapsed_seconds=52.655
side_complete fixture=2 label=parentB elapsed_seconds=52.667
side_complete fixture=2 label=parentA elapsed_seconds=52.944
fixture_complete count=2
side_complete fixture=3 label=candidateB elapsed_seconds=151.466
side_complete fixture=3 label=parentB elapsed_seconds=151.567
side_complete fixture=3 label=parentA elapsed_seconds=151.311
side_complete fixture=3 label=candidateA elapsed_seconds=151.745
fixture_complete count=3
side_complete fixture=4 label=parentB elapsed_seconds=20.949
side_complete fixture=4 label=parentA elapsed_seconds=21.098
side_complete fixture=4 label=candidateA elapsed_seconds=20.953
side_complete fixture=4 label=candidateB elapsed_seconds=20.776
fixture_complete count=4
side_complete fixture=5 label=parentA elapsed_seconds=53.632
side_complete fixture=5 label=candidateA elapsed_seconds=53.858
side_complete fixture=5 label=candidateB elapsed_seconds=53.713
side_complete fixture=5 label=parentB elapsed_seconds=53.441
fixture_complete count=5
side_complete fixture=6 label=candidateA elapsed_seconds=151.827
side_complete fixture=6 label=candidateB elapsed_seconds=151.706
side_complete fixture=6 label=parentB elapsed_seconds=151.647
side_complete fixture=6 label=parentA elapsed_seconds=151.810
fixture_complete count=6
side_complete fixture=7 label=candidateB elapsed_seconds=26.181
side_complete fixture=7 label=parentB elapsed_seconds=26.301
side_complete fixture=7 label=parentA elapsed_seconds=26.306
side_complete fixture=7 label=candidateA elapsed_seconds=26.267
fixture_complete count=7
side_complete fixture=8 label=parentB elapsed_seconds=104.042
side_complete fixture=8 label=parentA elapsed_seconds=104.769
side_complete fixture=8 label=candidateA elapsed_seconds=104.199
side_complete fixture=8 label=candidateB elapsed_seconds=104.523
fixture_complete count=8
side_complete fixture=9 label=parentA elapsed_seconds=61.106
side_complete fixture=9 label=candidateA elapsed_seconds=61.107
side_complete fixture=9 label=candidateB elapsed_seconds=61.039
side_complete fixture=9 label=parentB elapsed_seconds=61.160
fixture_complete count=9
side_complete fixture=10 label=candidateA elapsed_seconds=25.998
side_complete fixture=10 label=candidateB elapsed_seconds=25.984
side_complete fixture=10 label=parentB elapsed_seconds=25.958
side_complete fixture=10 label=parentA elapsed_seconds=26.158
fixture_complete count=10
side_complete fixture=11 label=candidateB elapsed_seconds=105.936
side_complete fixture=11 label=parentB elapsed_seconds=105.920
side_complete fixture=11 label=parentA elapsed_seconds=105.718
side_complete fixture=11 label=candidateA elapsed_seconds=105.740
fixture_complete count=11
side_complete fixture=12 label=parentB elapsed_seconds=61.168
side_complete fixture=12 label=parentA elapsed_seconds=61.310
side_complete fixture=12 label=candidateA elapsed_seconds=61.158
side_complete fixture=12 label=candidateB elapsed_seconds=61.019
fixture_complete count=12
side_complete fixture=13 label=parentA elapsed_seconds=51.779
side_complete fixture=13 label=candidateA elapsed_seconds=51.596
side_complete fixture=13 label=candidateB elapsed_seconds=51.637
side_complete fixture=13 label=parentB elapsed_seconds=52.100
fixture_complete count=13
side_complete fixture=14 label=candidateA elapsed_seconds=42.398
side_complete fixture=14 label=candidateB elapsed_seconds=42.294
side_complete fixture=14 label=parentB elapsed_seconds=42.423
side_complete fixture=14 label=parentA elapsed_seconds=42.378
fixture_complete count=14
side_complete fixture=15 label=candidateB elapsed_seconds=76.438
side_complete fixture=15 label=parentB elapsed_seconds=76.345
side_complete fixture=15 label=parentA elapsed_seconds=76.152
side_complete fixture=15 label=candidateA elapsed_seconds=76.045
fixture_complete count=15
side_complete fixture=16 label=parentB elapsed_seconds=51.573
side_complete fixture=16 label=parentA elapsed_seconds=51.356
side_complete fixture=16 label=candidateA elapsed_seconds=51.464
side_complete fixture=16 label=candidateB elapsed_seconds=51.410
fixture_complete count=16
side_complete fixture=17 label=parentA elapsed_seconds=43.511
side_complete fixture=17 label=candidateA elapsed_seconds=43.835
side_complete fixture=17 label=candidateB elapsed_seconds=43.777
side_complete fixture=17 label=parentB elapsed_seconds=43.672
fixture_complete count=17
side_complete fixture=18 label=candidateA elapsed_seconds=76.421
side_complete fixture=18 label=candidateB elapsed_seconds=76.285
side_complete fixture=18 label=parentB elapsed_seconds=76.103
side_complete fixture=18 label=parentA elapsed_seconds=76.073
fixture_complete count=18
side_complete fixture=19 label=candidateB elapsed_seconds=27.413
side_complete fixture=19 label=parentB elapsed_seconds=27.646
side_complete fixture=19 label=parentA elapsed_seconds=27.327
side_complete fixture=19 label=candidateA elapsed_seconds=27.391
fixture_complete count=19
side_complete fixture=20 label=parentB elapsed_seconds=101.875
side_complete fixture=20 label=parentA elapsed_seconds=102.136
side_complete fixture=20 label=candidateA elapsed_seconds=101.792
side_complete fixture=20 label=candidateB elapsed_seconds=102.093
fixture_complete count=20
side_complete fixture=21 label=parentA elapsed_seconds=62.447
side_complete fixture=21 label=candidateA elapsed_seconds=62.516
side_complete fixture=21 label=candidateB elapsed_seconds=62.355
side_complete fixture=21 label=parentB elapsed_seconds=62.141
fixture_complete count=21
side_complete fixture=22 label=candidateA elapsed_seconds=28.205
side_complete fixture=22 label=candidateB elapsed_seconds=28.260
side_complete fixture=22 label=parentB elapsed_seconds=28.275
side_complete fixture=22 label=parentA elapsed_seconds=28.192
fixture_complete count=22
side_complete fixture=23 label=candidateB elapsed_seconds=101.868
side_complete fixture=23 label=parentB elapsed_seconds=101.949
side_complete fixture=23 label=parentA elapsed_seconds=101.719
side_complete fixture=23 label=candidateA elapsed_seconds=101.586
fixture_complete count=23
side_complete fixture=24 label=parentB elapsed_seconds=63.207
side_complete fixture=24 label=parentA elapsed_seconds=63.299
side_complete fixture=24 label=candidateA elapsed_seconds=63.254
side_complete fixture=24 label=candidateB elapsed_seconds=63.466
fixture_complete count=24
side_complete fixture=25 label=parentA elapsed_seconds=54.465
side_complete fixture=25 label=candidateA elapsed_seconds=54.360
side_complete fixture=25 label=candidateB elapsed_seconds=54.468
side_complete fixture=25 label=parentB elapsed_seconds=54.368
fixture_complete count=25
side_complete fixture=26 label=candidateA elapsed_seconds=41.228
side_complete fixture=26 label=candidateB elapsed_seconds=41.145
side_complete fixture=26 label=parentB elapsed_seconds=41.308
side_complete fixture=26 label=parentA elapsed_seconds=41.153
fixture_complete count=26
side_complete fixture=27 label=candidateB elapsed_seconds=77.702
side_complete fixture=27 label=parentB elapsed_seconds=77.578
side_complete fixture=27 label=parentA elapsed_seconds=77.797
side_complete fixture=27 label=candidateA elapsed_seconds=77.821
fixture_complete count=27
side_complete fixture=28 label=parentB elapsed_seconds=55.089
side_complete fixture=28 label=parentA elapsed_seconds=55.209
side_complete fixture=28 label=candidateA elapsed_seconds=55.186
side_complete fixture=28 label=candidateB elapsed_seconds=55.385
fixture_complete count=28
side_complete fixture=29 label=parentA elapsed_seconds=41.198
side_complete fixture=29 label=candidateA elapsed_seconds=41.144
side_complete fixture=29 label=candidateB elapsed_seconds=40.904
side_complete fixture=29 label=parentB elapsed_seconds=41.210
fixture_complete count=29
side_complete fixture=30 label=candidateA elapsed_seconds=79.676
side_complete fixture=30 label=candidateB elapsed_seconds=79.655
side_complete fixture=30 label=parentB elapsed_seconds=79.671
side_complete fixture=30 label=parentA elapsed_seconds=79.500
fixture_complete count=30
side_complete fixture=31 label=candidateB elapsed_seconds=22.099
side_complete fixture=31 label=parentB elapsed_seconds=22.355
side_complete fixture=31 label=parentA elapsed_seconds=22.103
side_complete fixture=31 label=candidateA elapsed_seconds=22.687
fixture_complete count=31
side_complete fixture=32 label=parentB elapsed_seconds=50.995
side_complete fixture=32 label=parentA elapsed_seconds=51.185
side_complete fixture=32 label=candidateA elapsed_seconds=50.931
side_complete fixture=32 label=candidateB elapsed_seconds=51.257
fixture_complete count=32
side_complete fixture=33 label=parentA elapsed_seconds=154.524
side_complete fixture=33 label=candidateA elapsed_seconds=154.527
side_complete fixture=33 label=candidateB elapsed_seconds=154.419
side_complete fixture=33 label=parentB elapsed_seconds=154.191
fixture_complete count=33
side_complete fixture=34 label=candidateA elapsed_seconds=22.971
side_complete fixture=34 label=candidateB elapsed_seconds=23.013
side_complete fixture=34 label=parentB elapsed_seconds=22.933
side_complete fixture=34 label=parentA elapsed_seconds=22.935
fixture_complete count=34
side_complete fixture=35 label=candidateB elapsed_seconds=50.998
side_complete fixture=35 label=parentB elapsed_seconds=51.453
side_complete fixture=35 label=parentA elapsed_seconds=50.891
side_complete fixture=35 label=candidateA elapsed_seconds=51.264
fixture_complete count=35
side_complete fixture=36 label=parentB elapsed_seconds=156.839
side_complete fixture=36 label=parentA elapsed_seconds=156.310
side_complete fixture=36 label=candidateA elapsed_seconds=156.440
side_complete fixture=36 label=candidateB elapsed_seconds=156.575
fixture_complete count=36
side_complete fixture=37 label=parentA elapsed_seconds=51.579
side_complete fixture=37 label=candidateA elapsed_seconds=51.510
side_complete fixture=37 label=candidateB elapsed_seconds=50.948
side_complete fixture=37 label=parentB elapsed_seconds=52.211
fixture_complete count=37
side_complete fixture=38 label=candidateA elapsed_seconds=42.099
side_complete fixture=38 label=candidateB elapsed_seconds=41.905
side_complete fixture=38 label=parentB elapsed_seconds=42.070
side_complete fixture=38 label=parentA elapsed_seconds=42.153
fixture_complete count=38
side_complete fixture=39 label=candidateB elapsed_seconds=76.256
side_complete fixture=39 label=parentB elapsed_seconds=76.073
side_complete fixture=39 label=parentA elapsed_seconds=76.294
side_complete fixture=39 label=candidateA elapsed_seconds=76.335
fixture_complete count=39
side_complete fixture=40 label=parentB elapsed_seconds=52.078
side_complete fixture=40 label=parentA elapsed_seconds=52.139
side_complete fixture=40 label=candidateA elapsed_seconds=52.064
side_complete fixture=40 label=candidateB elapsed_seconds=52.148
fixture_complete count=40
side_complete fixture=41 label=parentA elapsed_seconds=43.326
side_complete fixture=41 label=candidateA elapsed_seconds=43.442
side_complete fixture=41 label=candidateB elapsed_seconds=43.111
side_complete fixture=41 label=parentB elapsed_seconds=43.134
fixture_complete count=41
side_complete fixture=42 label=candidateA elapsed_seconds=76.270
side_complete fixture=42 label=candidateB elapsed_seconds=76.203
side_complete fixture=42 label=parentB elapsed_seconds=76.372
side_complete fixture=42 label=parentA elapsed_seconds=76.292
fixture_complete count=42
side_complete fixture=43 label=candidateB elapsed_seconds=21.075
side_complete fixture=43 label=parentB elapsed_seconds=21.037
side_complete fixture=43 label=parentA elapsed_seconds=20.981
side_complete fixture=43 label=candidateA elapsed_seconds=21.138
fixture_complete count=43
side_complete fixture=44 label=parentB elapsed_seconds=52.716
side_complete fixture=44 label=parentA elapsed_seconds=52.624
side_complete fixture=44 label=candidateA elapsed_seconds=52.862
side_complete fixture=44 label=candidateB elapsed_seconds=52.611
fixture_complete count=44
side_complete fixture=45 label=parentA elapsed_seconds=151.551
side_complete fixture=45 label=candidateA elapsed_seconds=151.901
side_complete fixture=45 label=candidateB elapsed_seconds=151.934
side_complete fixture=45 label=parentB elapsed_seconds=152.118
fixture_complete count=45
side_complete fixture=46 label=candidateA elapsed_seconds=20.838
side_complete fixture=46 label=candidateB elapsed_seconds=21.043
side_complete fixture=46 label=parentB elapsed_seconds=20.797
side_complete fixture=46 label=parentA elapsed_seconds=20.762
fixture_complete count=46
side_complete fixture=47 label=candidateB elapsed_seconds=53.975
side_complete fixture=47 label=parentB elapsed_seconds=53.950
side_complete fixture=47 label=parentA elapsed_seconds=53.966
side_complete fixture=47 label=candidateA elapsed_seconds=54.000
fixture_complete count=47
side_complete fixture=48 label=parentB elapsed_seconds=151.664
side_complete fixture=48 label=parentA elapsed_seconds=151.820
side_complete fixture=48 label=candidateA elapsed_seconds=152.210
side_complete fixture=48 label=candidateB elapsed_seconds=151.929
fixture_complete count=48
side_complete fixture=49 label=parentA elapsed_seconds=26.281
side_complete fixture=49 label=candidateA elapsed_seconds=26.252
side_complete fixture=49 label=candidateB elapsed_seconds=26.287
side_complete fixture=49 label=parentB elapsed_seconds=26.083
fixture_complete count=49
side_complete fixture=50 label=candidateA elapsed_seconds=104.239
side_complete fixture=50 label=candidateB elapsed_seconds=104.006
side_complete fixture=50 label=parentB elapsed_seconds=104.643
side_complete fixture=50 label=parentA elapsed_seconds=104.438
fixture_complete count=50
side_complete fixture=51 label=candidateB elapsed_seconds=61.196
side_complete fixture=51 label=parentB elapsed_seconds=61.095
side_complete fixture=51 label=parentA elapsed_seconds=60.913
side_complete fixture=51 label=candidateA elapsed_seconds=61.157
fixture_complete count=51
side_complete fixture=52 label=parentB elapsed_seconds=25.890
side_complete fixture=52 label=parentA elapsed_seconds=25.855
side_complete fixture=52 label=candidateA elapsed_seconds=25.900
side_complete fixture=52 label=candidateB elapsed_seconds=25.849
fixture_complete count=52
side_complete fixture=53 label=parentA elapsed_seconds=105.458
side_complete fixture=53 label=candidateA elapsed_seconds=105.828
side_complete fixture=53 label=candidateB elapsed_seconds=105.670
side_complete fixture=53 label=parentB elapsed_seconds=105.620
fixture_complete count=53
side_complete fixture=54 label=candidateA elapsed_seconds=61.355
side_complete fixture=54 label=candidateB elapsed_seconds=61.286
side_complete fixture=54 label=parentB elapsed_seconds=60.963
side_complete fixture=54 label=parentA elapsed_seconds=60.988
fixture_complete count=54
side_complete fixture=55 label=candidateB elapsed_seconds=22.212
side_complete fixture=55 label=parentB elapsed_seconds=21.956
side_complete fixture=55 label=parentA elapsed_seconds=21.969
side_complete fixture=55 label=candidateA elapsed_seconds=22.121
fixture_complete count=55
side_complete fixture=56 label=parentB elapsed_seconds=51.139
side_complete fixture=56 label=parentA elapsed_seconds=51.037
side_complete fixture=56 label=candidateA elapsed_seconds=51.337
side_complete fixture=56 label=candidateB elapsed_seconds=50.982
fixture_complete count=56
side_complete fixture=57 label=parentA elapsed_seconds=154.209
side_complete fixture=57 label=candidateA elapsed_seconds=154.028
side_complete fixture=57 label=candidateB elapsed_seconds=154.402
side_complete fixture=57 label=parentB elapsed_seconds=154.448
fixture_complete count=57
side_complete fixture=58 label=candidateA elapsed_seconds=22.994
side_complete fixture=58 label=candidateB elapsed_seconds=23.002
side_complete fixture=58 label=parentB elapsed_seconds=22.982
side_complete fixture=58 label=parentA elapsed_seconds=22.743
fixture_complete count=58
side_complete fixture=59 label=candidateB elapsed_seconds=51.167
side_complete fixture=59 label=parentB elapsed_seconds=51.197
side_complete fixture=59 label=parentA elapsed_seconds=51.418
side_complete fixture=59 label=candidateA elapsed_seconds=51.235
fixture_complete count=59
side_complete fixture=60 label=parentB elapsed_seconds=155.854
side_complete fixture=60 label=parentA elapsed_seconds=156.077
side_complete fixture=60 label=candidateA elapsed_seconds=155.700
side_complete fixture=60 label=candidateB elapsed_seconds=155.968
fixture_complete count=60
side_complete fixture=61 label=parentA elapsed_seconds=27.691
side_complete fixture=61 label=candidateA elapsed_seconds=27.639
side_complete fixture=61 label=candidateB elapsed_seconds=27.529
side_complete fixture=61 label=parentB elapsed_seconds=27.671
fixture_complete count=61
side_complete fixture=62 label=candidateA elapsed_seconds=102.124
side_complete fixture=62 label=candidateB elapsed_seconds=102.186
side_complete fixture=62 label=parentB elapsed_seconds=102.099
side_complete fixture=62 label=parentA elapsed_seconds=102.282
fixture_complete count=62
side_complete fixture=63 label=candidateB elapsed_seconds=62.413
side_complete fixture=63 label=parentB elapsed_seconds=62.051
side_complete fixture=63 label=parentA elapsed_seconds=62.280
side_complete fixture=63 label=candidateA elapsed_seconds=62.125
fixture_complete count=63
side_complete fixture=64 label=parentB elapsed_seconds=28.617
side_complete fixture=64 label=parentA elapsed_seconds=28.665
side_complete fixture=64 label=candidateA elapsed_seconds=28.801
side_complete fixture=64 label=candidateB elapsed_seconds=28.893
fixture_complete count=64
side_complete fixture=65 label=parentA elapsed_seconds=101.794
side_complete fixture=65 label=candidateA elapsed_seconds=102.206
side_complete fixture=65 label=candidateB elapsed_seconds=102.101
side_complete fixture=65 label=parentB elapsed_seconds=102.158
fixture_complete count=65
side_complete fixture=66 label=candidateA elapsed_seconds=63.524
side_complete fixture=66 label=candidateB elapsed_seconds=63.873
side_complete fixture=66 label=parentB elapsed_seconds=63.567
side_complete fixture=66 label=parentA elapsed_seconds=63.542
fixture_complete count=66
side_complete fixture=67 label=candidateB elapsed_seconds=54.418
side_complete fixture=67 label=parentB elapsed_seconds=54.463
side_complete fixture=67 label=parentA elapsed_seconds=54.758
side_complete fixture=67 label=candidateA elapsed_seconds=54.466
fixture_complete count=67
side_complete fixture=68 label=parentB elapsed_seconds=40.840
side_complete fixture=68 label=parentA elapsed_seconds=41.212
side_complete fixture=68 label=candidateA elapsed_seconds=41.208
side_complete fixture=68 label=candidateB elapsed_seconds=41.029
fixture_complete count=68
side_complete fixture=69 label=parentA elapsed_seconds=77.782
side_complete fixture=69 label=candidateA elapsed_seconds=77.917
side_complete fixture=69 label=candidateB elapsed_seconds=77.491
side_complete fixture=69 label=parentB elapsed_seconds=78.247
fixture_complete count=69
side_complete fixture=70 label=candidateA elapsed_seconds=55.104
side_complete fixture=70 label=candidateB elapsed_seconds=55.193
side_complete fixture=70 label=parentB elapsed_seconds=54.982
side_complete fixture=70 label=parentA elapsed_seconds=54.886
fixture_complete count=70
side_complete fixture=71 label=candidateB elapsed_seconds=41.110
side_complete fixture=71 label=parentB elapsed_seconds=41.046
side_complete fixture=71 label=parentA elapsed_seconds=41.206
side_complete fixture=71 label=candidateA elapsed_seconds=41.225
fixture_complete count=71
side_complete fixture=72 label=parentB elapsed_seconds=78.891
side_complete fixture=72 label=parentA elapsed_seconds=79.070
side_complete fixture=72 label=candidateA elapsed_seconds=78.881
side_complete fixture=72 label=candidateB elapsed_seconds=78.666
fixture_complete count=72
side_complete fixture=73 label=parentA elapsed_seconds=26.201
side_complete fixture=73 label=candidateA elapsed_seconds=25.790
side_complete fixture=73 label=candidateB elapsed_seconds=25.753
side_complete fixture=73 label=parentB elapsed_seconds=26.363
fixture_complete count=73
side_complete fixture=74 label=candidateA elapsed_seconds=104.057
side_complete fixture=74 label=candidateB elapsed_seconds=103.820
side_complete fixture=74 label=parentB elapsed_seconds=103.903
side_complete fixture=74 label=parentA elapsed_seconds=103.766
fixture_complete count=74
side_complete fixture=75 label=candidateB elapsed_seconds=61.016
side_complete fixture=75 label=parentB elapsed_seconds=61.509
side_complete fixture=75 label=parentA elapsed_seconds=61.133
side_complete fixture=75 label=candidateA elapsed_seconds=61.200
fixture_complete count=75
side_complete fixture=76 label=parentB elapsed_seconds=26.131
side_complete fixture=76 label=parentA elapsed_seconds=26.046
side_complete fixture=76 label=candidateA elapsed_seconds=26.106
side_complete fixture=76 label=candidateB elapsed_seconds=26.234
fixture_complete count=76
side_complete fixture=77 label=parentA elapsed_seconds=106.307
side_complete fixture=77 label=candidateA elapsed_seconds=106.236
side_complete fixture=77 label=candidateB elapsed_seconds=106.167
side_complete fixture=77 label=parentB elapsed_seconds=106.214
fixture_complete count=77
side_complete fixture=78 label=candidateA elapsed_seconds=61.165
side_complete fixture=78 label=candidateB elapsed_seconds=61.388
side_complete fixture=78 label=parentB elapsed_seconds=61.059
side_complete fixture=78 label=parentA elapsed_seconds=61.119
fixture_complete count=78
side_complete fixture=79 label=candidateB elapsed_seconds=51.857
side_complete fixture=79 label=parentB elapsed_seconds=52.103
side_complete fixture=79 label=parentA elapsed_seconds=52.001
side_complete fixture=79 label=candidateA elapsed_seconds=52.287
fixture_complete count=79
side_complete fixture=80 label=parentB elapsed_seconds=42.604
side_complete fixture=80 label=parentA elapsed_seconds=42.337
side_complete fixture=80 label=candidateA elapsed_seconds=42.561
side_complete fixture=80 label=candidateB elapsed_seconds=42.270
fixture_complete count=80
side_complete fixture=81 label=parentA elapsed_seconds=76.116
side_complete fixture=81 label=candidateA elapsed_seconds=76.327
side_complete fixture=81 label=candidateB elapsed_seconds=76.459
side_complete fixture=81 label=parentB elapsed_seconds=76.213
fixture_complete count=81
side_complete fixture=82 label=candidateA elapsed_seconds=51.713
side_complete fixture=82 label=candidateB elapsed_seconds=51.638
side_complete fixture=82 label=parentB elapsed_seconds=51.633
side_complete fixture=82 label=parentA elapsed_seconds=51.641
fixture_complete count=82
side_complete fixture=83 label=candidateB elapsed_seconds=43.173
side_complete fixture=83 label=parentB elapsed_seconds=43.190
side_complete fixture=83 label=parentA elapsed_seconds=43.204
side_complete fixture=83 label=candidateA elapsed_seconds=43.486
fixture_complete count=83
side_complete fixture=84 label=parentB elapsed_seconds=76.247
side_complete fixture=84 label=parentA elapsed_seconds=76.311
side_complete fixture=84 label=candidateA elapsed_seconds=76.614
side_complete fixture=84 label=candidateB elapsed_seconds=76.302
fixture_complete count=84
side_complete fixture=85 label=parentA elapsed_seconds=21.184
side_complete fixture=85 label=candidateA elapsed_seconds=21.205
side_complete fixture=85 label=candidateB elapsed_seconds=21.014
side_complete fixture=85 label=parentB elapsed_seconds=20.842
fixture_complete count=85
side_complete fixture=86 label=candidateA elapsed_seconds=53.035
side_complete fixture=86 label=candidateB elapsed_seconds=52.850
side_complete fixture=86 label=parentB elapsed_seconds=52.740
side_complete fixture=86 label=parentA elapsed_seconds=53.180
fixture_complete count=86
side_complete fixture=87 label=candidateB elapsed_seconds=151.763
side_complete fixture=87 label=parentB elapsed_seconds=151.590
side_complete fixture=87 label=parentA elapsed_seconds=151.589
side_complete fixture=87 label=candidateA elapsed_seconds=152.008
fixture_complete count=87
side_complete fixture=88 label=parentB elapsed_seconds=20.736
side_complete fixture=88 label=parentA elapsed_seconds=20.761
side_complete fixture=88 label=candidateA elapsed_seconds=20.753
side_complete fixture=88 label=candidateB elapsed_seconds=20.745
fixture_complete count=88
side_complete fixture=89 label=parentA elapsed_seconds=54.348
side_complete fixture=89 label=candidateA elapsed_seconds=54.119
side_complete fixture=89 label=candidateB elapsed_seconds=54.285
side_complete fixture=89 label=parentB elapsed_seconds=54.304
fixture_complete count=89
side_complete fixture=90 label=candidateA elapsed_seconds=152.278
side_complete fixture=90 label=candidateB elapsed_seconds=152.049
side_complete fixture=90 label=parentB elapsed_seconds=151.894
side_complete fixture=90 label=parentA elapsed_seconds=151.646
fixture_complete count=90
side_complete fixture=91 label=candidateB elapsed_seconds=52.984
side_complete fixture=91 label=parentB elapsed_seconds=53.336
side_complete fixture=91 label=parentA elapsed_seconds=53.298
side_complete fixture=91 label=candidateA elapsed_seconds=53.161
fixture_complete count=91
side_complete fixture=92 label=parentB elapsed_seconds=41.191
side_complete fixture=92 label=parentA elapsed_seconds=41.124
side_complete fixture=92 label=candidateA elapsed_seconds=41.135
side_complete fixture=92 label=candidateB elapsed_seconds=41.188
fixture_complete count=92
side_complete fixture=93 label=parentA elapsed_seconds=77.791
side_complete fixture=93 label=candidateA elapsed_seconds=77.813
side_complete fixture=93 label=candidateB elapsed_seconds=77.809
side_complete fixture=93 label=parentB elapsed_seconds=77.500
fixture_complete count=93
side_complete fixture=94 label=candidateA elapsed_seconds=55.935
side_complete fixture=94 label=candidateB elapsed_seconds=55.735
side_complete fixture=94 label=parentB elapsed_seconds=56.079
side_complete fixture=94 label=parentA elapsed_seconds=56.125
fixture_complete count=94
side_complete fixture=95 label=candidateB elapsed_seconds=41.110
side_complete fixture=95 label=parentB elapsed_seconds=41.093
side_complete fixture=95 label=parentA elapsed_seconds=41.064
side_complete fixture=95 label=candidateA elapsed_seconds=41.223
fixture_complete count=95
side_complete fixture=96 label=parentB elapsed_seconds=78.419
side_complete fixture=96 label=parentA elapsed_seconds=78.498
side_complete fixture=96 label=candidateA elapsed_seconds=78.533
side_complete fixture=96 label=candidateB elapsed_seconds=78.529
fixture_complete count=96
side_complete fixture=97 label=parentA elapsed_seconds=22.499
side_complete fixture=97 label=candidateA elapsed_seconds=22.414
side_complete fixture=97 label=candidateB elapsed_seconds=22.395
side_complete fixture=97 label=parentB elapsed_seconds=22.470
fixture_complete count=97
side_complete fixture=98 label=candidateA elapsed_seconds=51.134
side_complete fixture=98 label=candidateB elapsed_seconds=51.212
side_complete fixture=98 label=parentB elapsed_seconds=51.269
side_complete fixture=98 label=parentA elapsed_seconds=51.316
fixture_complete count=98
side_complete fixture=99 label=candidateB elapsed_seconds=154.621
side_complete fixture=99 label=parentB elapsed_seconds=154.697
side_complete fixture=99 label=parentA elapsed_seconds=154.238
side_complete fixture=99 label=candidateA elapsed_seconds=154.436
fixture_complete count=99
side_complete fixture=100 label=parentB elapsed_seconds=23.739
side_complete fixture=100 label=parentA elapsed_seconds=23.788
side_complete fixture=100 label=candidateA elapsed_seconds=23.613
side_complete fixture=100 label=candidateB elapsed_seconds=23.627
fixture_complete count=100
side_complete fixture=101 label=parentA elapsed_seconds=51.240
side_complete fixture=101 label=candidateA elapsed_seconds=51.418
side_complete fixture=101 label=candidateB elapsed_seconds=51.205
side_complete fixture=101 label=parentB elapsed_seconds=51.111
fixture_complete count=101
side_complete fixture=102 label=candidateA elapsed_seconds=156.162
side_complete fixture=102 label=candidateB elapsed_seconds=156.278
side_complete fixture=102 label=parentB elapsed_seconds=155.932
side_complete fixture=102 label=parentA elapsed_seconds=155.909
fixture_complete count=102
side_complete fixture=103 label=candidateB elapsed_seconds=28.047
side_complete fixture=103 label=parentB elapsed_seconds=27.920
side_complete fixture=103 label=parentA elapsed_seconds=27.793
side_complete fixture=103 label=candidateA elapsed_seconds=27.797
fixture_complete count=103
side_complete fixture=104 label=parentB elapsed_seconds=101.769
side_complete fixture=104 label=parentA elapsed_seconds=101.659
side_complete fixture=104 label=candidateA elapsed_seconds=102.053
side_complete fixture=104 label=candidateB elapsed_seconds=101.807
fixture_complete count=104
side_complete fixture=105 label=parentA elapsed_seconds=62.442
side_complete fixture=105 label=candidateA elapsed_seconds=62.502
side_complete fixture=105 label=candidateB elapsed_seconds=62.271
side_complete fixture=105 label=parentB elapsed_seconds=62.434
fixture_complete count=105
side_complete fixture=106 label=candidateA elapsed_seconds=28.233
side_complete fixture=106 label=candidateB elapsed_seconds=28.246
side_complete fixture=106 label=parentB elapsed_seconds=28.346
side_complete fixture=106 label=parentA elapsed_seconds=28.306
fixture_complete count=106
side_complete fixture=107 label=candidateB elapsed_seconds=101.901
side_complete fixture=107 label=parentB elapsed_seconds=101.877
side_complete fixture=107 label=parentA elapsed_seconds=101.834
side_complete fixture=107 label=candidateA elapsed_seconds=101.616
fixture_complete count=107
side_complete fixture=108 label=parentB elapsed_seconds=63.396
side_complete fixture=108 label=parentA elapsed_seconds=63.600
side_complete fixture=108 label=candidateA elapsed_seconds=63.488
side_complete fixture=108 label=candidateB elapsed_seconds=63.470
fixture_complete count=108
run_complete phase=protected results=432
{'phase': 'protected', 'summary': {'pairs': 216, 'wtl': {'win': 32, 'tie': 145, 'loss': 39}, 'tier_delta': [0, -6, -181], 'first_tiers': {'0': 145, '3': 58, '2': 13}, 'servings_gain': 193, 'servings_loss': 374, 'worst_servings_loss': 48}, 'gate': {'passed': False, 'checks': {'A': False, 'A_strata': False, 'B': False, 'B_strata': False, 'robust_sign': False, 'fresh_causal_breadth': False}, 'robust_wins': 2, 'robust_losses': 7, 'one_sided_sign_p': 0.98046875}, 'summary_sha256': 'FB7BD588645E4847D78239B32CC0835E72A2D96C08540F4BBED8837882DC5A3C'}
