side_complete pair=1 side=parent
side_complete pair=1 side=candidate
pair_complete count=1
side_complete pair=2 side=candidate
side_complete pair=2 side=parent
pair_complete count=2
side_complete pair=3 side=parent
side_complete pair=3 side=candidate
pair_complete count=3
side_complete pair=4 side=candidate
side_complete pair=4 side=parent
pair_complete count=4
side_complete pair=5 side=candidate
side_complete pair=5 side=parent
pair_complete count=5
side_complete pair=6 side=parent
side_complete pair=6 side=candidate
pair_complete count=6
side_complete pair=7 side=candidate
side_complete pair=7 side=parent
pair_complete count=7
side_complete pair=8 side=parent
side_complete pair=8 side=candidate
pair_complete count=8
side_complete pair=9 side=parent
side_complete pair=9 side=candidate
pair_complete count=9
side_complete pair=10 side=candidate
side_complete pair=10 side=parent
pair_complete count=10
side_complete pair=11 side=parent
side_complete pair=11 side=candidate
pair_complete count=11
side_complete pair=12 side=candidate
side_complete pair=12 side=parent
pair_complete count=12
side_complete pair=13 side=candidate
side_complete pair=13 side=parent
pair_complete count=13
side_complete pair=14 side=parent
side_complete pair=14 side=candidate
pair_complete count=14
side_complete pair=15 side=candidate
side_complete pair=15 side=parent
pair_complete count=15
side_complete pair=16 side=parent
side_complete pair=16 side=candidate
pair_complete count=16
side_complete pair=17 side=parent
side_complete pair=17 side=candidate
pair_complete count=17
side_complete pair=18 side=candidate
side_complete pair=18 side=parent
pair_complete count=18
side_complete pair=19 side=parent
side_complete pair=19 side=candidate
pair_complete count=19
side_complete pair=20 side=candidate
side_complete pair=20 side=parent
pair_complete count=20
side_complete pair=21 side=candidate
side_complete pair=21 side=parent
pair_complete count=21
side_complete pair=22 side=parent
side_complete pair=22 side=candidate
pair_complete count=22
side_complete pair=23 side=candidate
side_complete pair=23 side=parent
pair_complete count=23
side_complete pair=24 side=parent
side_complete pair=24 side=candidate
pair_complete count=24
run_complete pairs=24 results=48
{"complete": true, "pairs": 24, "wtl": {"win": 4, "tie": 20}, "tier_delta": [0, 0, 5], "gate_passed": false, "inactive_differences": []}
summary_sha256=0BEA828803DF4EC44BAE8316DA11F9B16C674D9197E1EEBBF363902AA609D982
