side_complete fixture=1 label=parentA elapsed_seconds=21.342
side_complete fixture=1 label=candidateA elapsed_seconds=21.187
side_complete fixture=1 label=candidateB elapsed_seconds=21.176
side_complete fixture=1 label=parentB elapsed_seconds=21.316
fixture_complete count=1
side_complete fixture=2 label=candidateA elapsed_seconds=53.465
side_complete fixture=2 label=candidateB elapsed_seconds=53.877
side_complete fixture=2 label=parentB elapsed_seconds=53.907
side_complete fixture=2 label=parentA elapsed_seconds=54.011
fixture_complete count=2
side_complete fixture=3 label=candidateB elapsed_seconds=51.146
side_complete fixture=3 label=parentB elapsed_seconds=51.256
side_complete fixture=3 label=parentA elapsed_seconds=51.357
side_complete fixture=3 label=candidateA elapsed_seconds=51.142
fixture_complete count=3
side_complete fixture=4 label=parentB elapsed_seconds=157.659
side_complete fixture=4 label=parentA elapsed_seconds=156.844
side_complete fixture=4 label=candidateA elapsed_seconds=156.720
side_complete fixture=4 label=candidateB elapsed_seconds=157.387
fixture_complete count=4
side_complete fixture=5 label=parentA elapsed_seconds=152.106
side_complete fixture=5 label=candidateA elapsed_seconds=151.781
side_complete fixture=5 label=candidateB elapsed_seconds=152.040
side_complete fixture=5 label=parentB elapsed_seconds=151.574
fixture_complete count=5
side_complete fixture=6 label=candidateA elapsed_seconds=23.819
side_complete fixture=6 label=candidateB elapsed_seconds=23.795
side_complete fixture=6 label=parentB elapsed_seconds=23.823
side_complete fixture=6 label=parentA elapsed_seconds=23.717
fixture_complete count=6
side_complete fixture=7 label=candidateB elapsed_seconds=52.881
side_complete fixture=7 label=parentB elapsed_seconds=52.821
side_complete fixture=7 label=parentA elapsed_seconds=52.282
side_complete fixture=7 label=candidateA elapsed_seconds=52.755
fixture_complete count=7
side_complete fixture=8 label=parentB elapsed_seconds=151.335
side_complete fixture=8 label=parentA elapsed_seconds=151.694
side_complete fixture=8 label=candidateA elapsed_seconds=151.653
side_complete fixture=8 label=candidateB elapsed_seconds=152.259
fixture_complete count=8
side_complete fixture=9 label=parentA elapsed_seconds=154.646
side_complete fixture=9 label=candidateA elapsed_seconds=154.221
side_complete fixture=9 label=candidateB elapsed_seconds=154.454
side_complete fixture=9 label=parentB elapsed_seconds=154.839
fixture_complete count=9
side_complete fixture=10 label=candidateA elapsed_seconds=20.826
side_complete fixture=10 label=candidateB elapsed_seconds=20.879
side_complete fixture=10 label=parentB elapsed_seconds=20.746
side_complete fixture=10 label=parentA elapsed_seconds=20.810
fixture_complete count=10
side_complete fixture=11 label=candidateB elapsed_seconds=22.436
side_complete fixture=11 label=parentB elapsed_seconds=22.287
side_complete fixture=11 label=parentA elapsed_seconds=22.215
side_complete fixture=11 label=candidateA elapsed_seconds=22.294
fixture_complete count=11
side_complete fixture=12 label=parentB elapsed_seconds=51.236
side_complete fixture=12 label=parentA elapsed_seconds=51.236
side_complete fixture=12 label=candidateA elapsed_seconds=51.303
side_complete fixture=12 label=candidateB elapsed_seconds=51.432
fixture_complete count=12
side_complete fixture=13 label=parentA elapsed_seconds=152.087
side_complete fixture=13 label=candidateA elapsed_seconds=152.075
side_complete fixture=13 label=candidateB elapsed_seconds=152.247
side_complete fixture=13 label=parentB elapsed_seconds=152.341
fixture_complete count=13
side_complete fixture=14 label=candidateA elapsed_seconds=23.078
side_complete fixture=14 label=candidateB elapsed_seconds=23.447
side_complete fixture=14 label=parentB elapsed_seconds=23.047
side_complete fixture=14 label=parentA elapsed_seconds=23.091
fixture_complete count=14
side_complete fixture=15 label=candidateB elapsed_seconds=21.040
side_complete fixture=15 label=parentB elapsed_seconds=20.749
side_complete fixture=15 label=parentA elapsed_seconds=20.759
side_complete fixture=15 label=candidateA elapsed_seconds=20.926
fixture_complete count=15
side_complete fixture=16 label=parentB elapsed_seconds=53.907
side_complete fixture=16 label=parentA elapsed_seconds=53.718
side_complete fixture=16 label=candidateA elapsed_seconds=53.546
side_complete fixture=16 label=candidateB elapsed_seconds=53.881
fixture_complete count=16
side_complete fixture=17 label=parentA elapsed_seconds=51.204
side_complete fixture=17 label=candidateA elapsed_seconds=51.267
side_complete fixture=17 label=candidateB elapsed_seconds=51.039
side_complete fixture=17 label=parentB elapsed_seconds=51.267
fixture_complete count=17
side_complete fixture=18 label=candidateA elapsed_seconds=155.752
side_complete fixture=18 label=candidateB elapsed_seconds=156.344
side_complete fixture=18 label=parentB elapsed_seconds=156.161
side_complete fixture=18 label=parentA elapsed_seconds=156.561
fixture_complete count=18
side_complete fixture=19 label=candidateB elapsed_seconds=23.040
side_complete fixture=19 label=parentB elapsed_seconds=22.849
side_complete fixture=19 label=parentA elapsed_seconds=22.599
side_complete fixture=19 label=candidateA elapsed_seconds=22.701
fixture_complete count=19
side_complete fixture=20 label=parentB elapsed_seconds=51.650
side_complete fixture=20 label=parentA elapsed_seconds=51.407
side_complete fixture=20 label=candidateA elapsed_seconds=51.441
side_complete fixture=20 label=candidateB elapsed_seconds=51.427
fixture_complete count=20
side_complete fixture=21 label=parentA elapsed_seconds=52.553
side_complete fixture=21 label=candidateA elapsed_seconds=52.819
side_complete fixture=21 label=candidateB elapsed_seconds=52.513
side_complete fixture=21 label=parentB elapsed_seconds=52.469
fixture_complete count=21
side_complete fixture=22 label=candidateA elapsed_seconds=152.453
side_complete fixture=22 label=candidateB elapsed_seconds=152.253
side_complete fixture=22 label=parentB elapsed_seconds=151.985
side_complete fixture=22 label=parentA elapsed_seconds=152.399
fixture_complete count=22
side_complete fixture=23 label=candidateB elapsed_seconds=155.094
side_complete fixture=23 label=parentB elapsed_seconds=154.462
side_complete fixture=23 label=parentA elapsed_seconds=154.315
side_complete fixture=23 label=candidateA elapsed_seconds=154.779
fixture_complete count=23
side_complete fixture=24 label=parentB elapsed_seconds=21.373
side_complete fixture=24 label=parentA elapsed_seconds=21.483
side_complete fixture=24 label=candidateA elapsed_seconds=21.325
side_complete fixture=24 label=candidateB elapsed_seconds=21.404
fixture_complete count=24
side_complete fixture=25 label=parentA elapsed_seconds=51.251
side_complete fixture=25 label=candidateA elapsed_seconds=51.118
side_complete fixture=25 label=candidateB elapsed_seconds=51.107
side_complete fixture=25 label=parentB elapsed_seconds=51.398
fixture_complete count=25
side_complete fixture=26 label=candidateA elapsed_seconds=156.771
side_complete fixture=26 label=candidateB elapsed_seconds=156.833
side_complete fixture=26 label=parentB elapsed_seconds=156.507
side_complete fixture=26 label=parentA elapsed_seconds=156.738
fixture_complete count=26
side_complete fixture=27 label=candidateB elapsed_seconds=152.196
side_complete fixture=27 label=parentB elapsed_seconds=152.187
side_complete fixture=27 label=parentA elapsed_seconds=152.071
side_complete fixture=27 label=candidateA elapsed_seconds=152.023
fixture_complete count=27
side_complete fixture=28 label=parentB elapsed_seconds=23.212
side_complete fixture=28 label=parentA elapsed_seconds=22.962
side_complete fixture=28 label=candidateA elapsed_seconds=23.271
side_complete fixture=28 label=candidateB elapsed_seconds=23.126
fixture_complete count=28
side_complete fixture=29 label=parentA elapsed_seconds=21.112
side_complete fixture=29 label=candidateA elapsed_seconds=20.886
side_complete fixture=29 label=candidateB elapsed_seconds=21.152
side_complete fixture=29 label=parentB elapsed_seconds=21.122
fixture_complete count=29
side_complete fixture=30 label=candidateA elapsed_seconds=54.682
side_complete fixture=30 label=candidateB elapsed_seconds=54.749
side_complete fixture=30 label=parentB elapsed_seconds=54.366
side_complete fixture=30 label=parentA elapsed_seconds=54.851
fixture_complete count=30
side_complete fixture=31 label=candidateB elapsed_seconds=154.981
side_complete fixture=31 label=parentB elapsed_seconds=154.613
side_complete fixture=31 label=parentA elapsed_seconds=154.260
side_complete fixture=31 label=candidateA elapsed_seconds=153.907
fixture_complete count=31
side_complete fixture=32 label=parentB elapsed_seconds=21.194
side_complete fixture=32 label=parentA elapsed_seconds=21.232
side_complete fixture=32 label=candidateA elapsed_seconds=21.202
side_complete fixture=32 label=candidateB elapsed_seconds=20.988
fixture_complete count=32
side_complete fixture=33 label=parentA elapsed_seconds=22.100
side_complete fixture=33 label=candidateA elapsed_seconds=22.114
side_complete fixture=33 label=candidateB elapsed_seconds=22.150
side_complete fixture=33 label=parentB elapsed_seconds=22.175
fixture_complete count=33
side_complete fixture=34 label=candidateA elapsed_seconds=51.066
side_complete fixture=34 label=candidateB elapsed_seconds=51.176
side_complete fixture=34 label=parentB elapsed_seconds=51.083
side_complete fixture=34 label=parentA elapsed_seconds=51.398
fixture_complete count=34
side_complete fixture=35 label=candidateB elapsed_seconds=52.770
side_complete fixture=35 label=parentB elapsed_seconds=52.935
side_complete fixture=35 label=parentA elapsed_seconds=52.818
side_complete fixture=35 label=candidateA elapsed_seconds=52.757
fixture_complete count=35
side_complete fixture=36 label=parentB elapsed_seconds=151.937
side_complete fixture=36 label=parentA elapsed_seconds=152.351
side_complete fixture=36 label=candidateA elapsed_seconds=152.171
side_complete fixture=36 label=candidateB elapsed_seconds=151.950
fixture_complete count=36
run_complete phase=broad-development results=144
{'phase': 'broad-development', 'summary': {'pairs': 72, 'wtl': {'win': 13, 'tie': 48, 'loss': 11}, 'tier_delta': [0, -7, 60], 'first_tiers': {'0': 48, '3': 23, '2': 1}, 'servings_gain': 125, 'servings_loss': 65, 'worst_servings_loss': 15}, 'gate': {'passed': False, 'checks': {'A': False, 'A_strata': False, 'B': False, 'B_strata': False}, 'robust_wins': 1, 'robust_losses': 2, 'one_sided_sign_p': 0.875, 'diagnostic_sign_and_causal': {'robust_sign': False, 'fresh_causal_breadth': False}}, 'summary_sha256': 'FC6605640E6CEE092943B6EA1D7EDAFA16EF73915074D6F76609EA65718A9199'}
