fixture_complete count=1
fixture_complete count=2
fixture_complete count=3
side_complete fixture=4 label=candidateA elapsed_seconds=21.069
side_complete fixture=4 label=candidateB elapsed_seconds=21.339
fixture_complete count=4
side_complete fixture=5 label=parentA elapsed_seconds=21.246
side_complete fixture=5 label=candidateA elapsed_seconds=21.246
side_complete fixture=5 label=candidateB elapsed_seconds=20.958
side_complete fixture=5 label=parentB elapsed_seconds=21.325
fixture_complete count=5
side_complete fixture=6 label=candidateA elapsed_seconds=21.111
side_complete fixture=6 label=candidateB elapsed_seconds=21.068
side_complete fixture=6 label=parentB elapsed_seconds=21.332
side_complete fixture=6 label=parentA elapsed_seconds=21.291
fixture_complete count=6
side_complete fixture=7 label=candidateB elapsed_seconds=21.042
side_complete fixture=7 label=parentB elapsed_seconds=21.035
side_complete fixture=7 label=parentA elapsed_seconds=20.947
side_complete fixture=7 label=candidateA elapsed_seconds=21.050
fixture_complete count=7
side_complete fixture=8 label=parentB elapsed_seconds=21.007
side_complete fixture=8 label=parentA elapsed_seconds=20.989
side_complete fixture=8 label=candidateA elapsed_seconds=21.290
side_complete fixture=8 label=candidateB elapsed_seconds=21.052
fixture_complete count=8
side_complete fixture=9 label=parentA elapsed_seconds=21.390
side_complete fixture=9 label=candidateA elapsed_seconds=21.056
side_complete fixture=9 label=candidateB elapsed_seconds=21.181
side_complete fixture=9 label=parentB elapsed_seconds=21.257
fixture_complete count=9
side_complete fixture=10 label=candidateA elapsed_seconds=21.065
side_complete fixture=10 label=candidateB elapsed_seconds=21.024
side_complete fixture=10 label=parentB elapsed_seconds=21.038
side_complete fixture=10 label=parentA elapsed_seconds=21.343
fixture_complete count=10
side_complete fixture=11 label=candidateB elapsed_seconds=21.418
side_complete fixture=11 label=parentB elapsed_seconds=21.069
side_complete fixture=11 label=parentA elapsed_seconds=20.985
side_complete fixture=11 label=candidateA elapsed_seconds=21.127
fixture_complete count=11
side_complete fixture=12 label=parentB elapsed_seconds=21.317
side_complete fixture=12 label=parentA elapsed_seconds=21.357
side_complete fixture=12 label=candidateA elapsed_seconds=21.243
side_complete fixture=12 label=candidateB elapsed_seconds=20.782
fixture_complete count=12
side_complete fixture=13 label=parentA elapsed_seconds=21.197
side_complete fixture=13 label=candidateA elapsed_seconds=21.217
side_complete fixture=13 label=candidateB elapsed_seconds=21.022
side_complete fixture=13 label=parentB elapsed_seconds=21.172
fixture_complete count=13
side_complete fixture=14 label=candidateA elapsed_seconds=21.347
side_complete fixture=14 label=candidateB elapsed_seconds=21.171
side_complete fixture=14 label=parentB elapsed_seconds=21.250
side_complete fixture=14 label=parentA elapsed_seconds=21.147
fixture_complete count=14
side_complete fixture=15 label=candidateB elapsed_seconds=21.333
side_complete fixture=15 label=parentB elapsed_seconds=20.937
side_complete fixture=15 label=parentA elapsed_seconds=21.077
side_complete fixture=15 label=candidateA elapsed_seconds=20.885
fixture_complete count=15
side_complete fixture=16 label=parentB elapsed_seconds=21.000
side_complete fixture=16 label=parentA elapsed_seconds=20.927
side_complete fixture=16 label=candidateA elapsed_seconds=21.118
side_complete fixture=16 label=candidateB elapsed_seconds=20.899
fixture_complete count=16
side_complete fixture=17 label=parentA elapsed_seconds=21.124
side_complete fixture=17 label=candidateA elapsed_seconds=21.002
side_complete fixture=17 label=candidateB elapsed_seconds=20.727
side_complete fixture=17 label=parentB elapsed_seconds=20.852
fixture_complete count=17
side_complete fixture=18 label=candidateA elapsed_seconds=21.152
side_complete fixture=18 label=candidateB elapsed_seconds=20.966
side_complete fixture=18 label=parentB elapsed_seconds=20.928
side_complete fixture=18 label=parentA elapsed_seconds=21.018
fixture_complete count=18
side_complete fixture=19 label=candidateB elapsed_seconds=20.995
side_complete fixture=19 label=parentB elapsed_seconds=21.100
side_complete fixture=19 label=parentA elapsed_seconds=21.033
side_complete fixture=19 label=candidateA elapsed_seconds=21.329
fixture_complete count=19
side_complete fixture=20 label=parentB elapsed_seconds=21.001
side_complete fixture=20 label=parentA elapsed_seconds=21.140
side_complete fixture=20 label=candidateA elapsed_seconds=21.189
side_complete fixture=20 label=candidateB elapsed_seconds=21.165
fixture_complete count=20
side_complete fixture=21 label=parentA elapsed_seconds=21.105
side_complete fixture=21 label=candidateA elapsed_seconds=21.129
side_complete fixture=21 label=candidateB elapsed_seconds=21.189
side_complete fixture=21 label=parentB elapsed_seconds=21.077
fixture_complete count=21
side_complete fixture=22 label=candidateA elapsed_seconds=21.449
side_complete fixture=22 label=candidateB elapsed_seconds=21.232
side_complete fixture=22 label=parentB elapsed_seconds=21.134
side_complete fixture=22 label=parentA elapsed_seconds=20.923
fixture_complete count=22
side_complete fixture=23 label=candidateB elapsed_seconds=21.134
side_complete fixture=23 label=parentB elapsed_seconds=21.120
side_complete fixture=23 label=parentA elapsed_seconds=21.067
side_complete fixture=23 label=candidateA elapsed_seconds=21.086
fixture_complete count=23
side_complete fixture=24 label=parentB elapsed_seconds=20.948
side_complete fixture=24 label=parentA elapsed_seconds=20.927
side_complete fixture=24 label=candidateA elapsed_seconds=21.100
side_complete fixture=24 label=candidateB elapsed_seconds=21.060
fixture_complete count=24
run_complete phase=development results=96
